// Jest Snapshot v1, https://goo.gl/fbAQLP

exports[`Header renders Header 1`] = `ShallowWrapper {}`;
